Archive member included to satisfy reference by file (symbol)

c:/program files (x86)/atmel/studio/7.0/toolchain/avr8/avr8-gnu-toolchain/bin/../lib/gcc/avr/4.9.2/../../../../avr/lib/avr5\libm.a(addsf3.o)
                              main.o (__subsf3)
c:/program files (x86)/atmel/studio/7.0/toolchain/avr8/avr8-gnu-toolchain/bin/../lib/gcc/avr/4.9.2/../../../../avr/lib/avr5\libm.a(addsf3x.o)
                              c:/program files (x86)/atmel/studio/7.0/toolchain/avr8/avr8-gnu-toolchain/bin/../lib/gcc/avr/4.9.2/../../../../avr/lib/avr5\libm.a(addsf3.o) (__addsf3x)
c:/program files (x86)/atmel/studio/7.0/toolchain/avr8/avr8-gnu-toolchain/bin/../lib/gcc/avr/4.9.2/../../../../avr/lib/avr5\libm.a(cmpsf2.o)
                              main.o (__ltsf2)
c:/program files (x86)/atmel/studio/7.0/toolchain/avr8/avr8-gnu-toolchain/bin/../lib/gcc/avr/4.9.2/../../../../avr/lib/avr5\libm.a(divsf3.o)
                              main.o (__divsf3)
c:/program files (x86)/atmel/studio/7.0/toolchain/avr8/avr8-gnu-toolchain/bin/../lib/gcc/avr/4.9.2/../../../../avr/lib/avr5\libm.a(divsf3x.o)
                              c:/program files (x86)/atmel/studio/7.0/toolchain/avr8/avr8-gnu-toolchain/bin/../lib/gcc/avr/4.9.2/../../../../avr/lib/avr5\libm.a(divsf3.o) (__divsf3x)
c:/program files (x86)/atmel/studio/7.0/toolchain/avr8/avr8-gnu-toolchain/bin/../lib/gcc/avr/4.9.2/../../../../avr/lib/avr5\libm.a(fixunssfsi.o)
                              main.o (__fixunssfsi)
c:/program files (x86)/atmel/studio/7.0/toolchain/avr8/avr8-gnu-toolchain/bin/../lib/gcc/avr/4.9.2/../../../../avr/lib/avr5\libm.a(floatsisf.o)
                              main.o (__floatunsisf)
c:/program files (x86)/atmel/studio/7.0/toolchain/avr8/avr8-gnu-toolchain/bin/../lib/gcc/avr/4.9.2/../../../../avr/lib/avr5\libm.a(fp_cmp.o)
                              c:/program files (x86)/atmel/studio/7.0/toolchain/avr8/avr8-gnu-toolchain/bin/../lib/gcc/avr/4.9.2/../../../../avr/lib/avr5\libm.a(cmpsf2.o) (__fp_cmp)
c:/program files (x86)/atmel/studio/7.0/toolchain/avr8/avr8-gnu-toolchain/bin/../lib/gcc/avr/4.9.2/../../../../avr/lib/avr5\libm.a(fp_inf.o)
                              c:/program files (x86)/atmel/studio/7.0/toolchain/avr8/avr8-gnu-toolchain/bin/../lib/gcc/avr/4.9.2/../../../../avr/lib/avr5\libm.a(addsf3x.o) (__fp_inf)
c:/program files (x86)/atmel/studio/7.0/toolchain/avr8/avr8-gnu-toolchain/bin/../lib/gcc/avr/4.9.2/../../../../avr/lib/avr5\libm.a(fp_nan.o)
                              c:/program files (x86)/atmel/studio/7.0/toolchain/avr8/avr8-gnu-toolchain/bin/../lib/gcc/avr/4.9.2/../../../../avr/lib/avr5\libm.a(addsf3x.o) (__fp_nan)
c:/program files (x86)/atmel/studio/7.0/toolchain/avr8/avr8-gnu-toolchain/bin/../lib/gcc/avr/4.9.2/../../../../avr/lib/avr5\libm.a(fp_pscA.o)
                              c:/program files (x86)/atmel/studio/7.0/toolchain/avr8/avr8-gnu-toolchain/bin/../lib/gcc/avr/4.9.2/../../../../avr/lib/avr5\libm.a(addsf3x.o) (__fp_pscA)
c:/program files (x86)/atmel/studio/7.0/toolchain/avr8/avr8-gnu-toolchain/bin/../lib/gcc/avr/4.9.2/../../../../avr/lib/avr5\libm.a(fp_pscB.o)
                              c:/program files (x86)/atmel/studio/7.0/toolchain/avr8/avr8-gnu-toolchain/bin/../lib/gcc/avr/4.9.2/../../../../avr/lib/avr5\libm.a(addsf3x.o) (__fp_pscB)
c:/program files (x86)/atmel/studio/7.0/toolchain/avr8/avr8-gnu-toolchain/bin/../lib/gcc/avr/4.9.2/../../../../avr/lib/avr5\libm.a(fp_round.o)
                              c:/program files (x86)/atmel/studio/7.0/toolchain/avr8/avr8-gnu-toolchain/bin/../lib/gcc/avr/4.9.2/../../../../avr/lib/avr5\libm.a(addsf3.o) (__fp_round)
c:/program files (x86)/atmel/studio/7.0/toolchain/avr8/avr8-gnu-toolchain/bin/../lib/gcc/avr/4.9.2/../../../../avr/lib/avr5\libm.a(fp_split3.o)
                              c:/program files (x86)/atmel/studio/7.0/toolchain/avr8/avr8-gnu-toolchain/bin/../lib/gcc/avr/4.9.2/../../../../avr/lib/avr5\libm.a(addsf3x.o) (__fp_split3)
c:/program files (x86)/atmel/studio/7.0/toolchain/avr8/avr8-gnu-toolchain/bin/../lib/gcc/avr/4.9.2/../../../../avr/lib/avr5\libm.a(fp_zero.o)
                              c:/program files (x86)/atmel/studio/7.0/toolchain/avr8/avr8-gnu-toolchain/bin/../lib/gcc/avr/4.9.2/../../../../avr/lib/avr5\libm.a(addsf3x.o) (__fp_zero)
c:/program files (x86)/atmel/studio/7.0/toolchain/avr8/avr8-gnu-toolchain/bin/../lib/gcc/avr/4.9.2/../../../../avr/lib/avr5\libm.a(gesf2.o)
                              main.o (__gesf2)
c:/program files (x86)/atmel/studio/7.0/toolchain/avr8/avr8-gnu-toolchain/bin/../lib/gcc/avr/4.9.2/../../../../avr/lib/avr5\libm.a(mulsf3.o)
                              main.o (__mulsf3)
c:/program files (x86)/atmel/studio/7.0/toolchain/avr8/avr8-gnu-toolchain/bin/../lib/gcc/avr/4.9.2/../../../../avr/lib/avr5\libm.a(mulsf3x.o)
                              c:/program files (x86)/atmel/studio/7.0/toolchain/avr8/avr8-gnu-toolchain/bin/../lib/gcc/avr/4.9.2/../../../../avr/lib/avr5\libm.a(mulsf3.o) (__mulsf3x)
[...]
Memory Configuration

Name             Origin             Length             Attributes
text             0x00000000         0x00020000         xr
data             0x00800060         0x0000ffa0         rw !x
eeprom           0x00810000         0x00010000         rw !x
fuse             0x00820000         0x00000003         rw !x
lock             0x00830000         0x00000400         rw !x
signature        0x00840000         0x00000400         rw !x
user_signatures  0x00850000         0x00000400         rw !x
*default*        0x00000000         0xffffffff

Linker script and memory map

Address of section .data set to 0x800100
LOAD C:/Program Files (x86)/Atmel/Studio/7.0/Packs/atmel/ATmega_DFP/1.1.130/gcc/dev/atmega32u4/avr5/crtatmega32u4.o
LOAD adc.o
LOAD main.o
LOAD timer.o
LOAD u8glib/chessengine.o
LOAD u8glib/u8g_bitmap.o
LOAD u8glib/u8g_circle.o
LOAD u8glib/u8g_clip.o
LOAD u8glib/u8g_com_api.o
LOAD u8glib/u8g_com_api_16gr.o
LOAD u8glib/u8g_com_arduino_attiny85_hw_spi.o
LOAD u8glib/u8g_com_arduino_common.o
LOAD u8glib/u8g_com_arduino_fast_parallel.o
LOAD u8glib/u8g_com_arduino_hw_spi.o
LOAD u8glib/u8g_com_arduino_hw_usart_spi.o
LOAD u8glib/u8g_com_arduino_no_en_parallel.o
LOAD u8glib/u8g_com_arduino_parallel.o
LOAD u8glib/u8g_com_arduino_port_d_wr.o
LOAD u8glib/u8g_com_arduino_ssd_i2c.o
LOAD u8glib/u8g_com_arduino_st7920_custom.o
LOAD u8glib/u8g_com_arduino_st7920_hw_spi.o
LOAD u8glib/u8g_com_arduino_st7920_spi.o
LOAD u8glib/u8g_com_arduino_std_sw_spi.o
LOAD u8glib/u8g_com_arduino_sw_spi.o
LOAD u8glib/u8g_com_arduino_t6963.o
LOAD u8glib/u8g_com_arduino_uc_i2c.o
LOAD u8glib/u8g_com_atmega_hw_spi.o
LOAD u8glib/u8g_com_atmega_parallel.o
LOAD u8glib/u8g_com_atmega_st7920_hw_spi.o
LOAD u8glib/u8g_com_atmega_st7920_spi.o
LOAD u8glib/u8g_com_atmega_sw_spi.o
LOAD u8glib/u8g_com_atxmega_hw_spi.o
LOAD u8glib/u8g_com_atxmega_st7920_hw_spi.o
LOAD u8glib/u8g_com_i2c.o
LOAD u8glib/u8g_com_io.o
LOAD u8glib/u8g_com_linux_ssd_i2c.o
LOAD u8glib/u8g_com_msp430_hw_spi.o
LOAD u8glib/u8g_com_null.o
LOAD u8glib/u8g_com_psoc5_ssd_hw_parallel.o
LOAD u8glib/u8g_com_raspberrypi_hw_spi.o
LOAD u8glib/u8g_com_raspberrypi_ssd_i2c.o
LOAD u8glib/u8g_com_std_sw_spi.o
LOAD u8glib/u8g_cursor.o
LOAD u8glib/u8g_delay.o
LOAD u8glib/u8g_dev_a2_micro_printer.o
LOAD u8glib/u8g_dev_flipdisc_2x7.o
LOAD u8glib/u8g_dev_gprof.o
LOAD u8glib/u8g_dev_ht1632.o
LOAD u8glib/u8g_dev_ili9325d_320x240.o
LOAD u8glib/u8g_dev_ks0108_128x64.o
LOAD u8glib/u8g_dev_lc7981_160x80.o
LOAD u8glib/u8g_dev_lc7981_240x128.o
LOAD u8glib/u8g_dev_lc7981_240x64.o
LOAD u8glib/u8g_dev_lc7981_320x64.o
LOAD u8glib/u8g_dev_ld7032_60x32.o
LOAD u8glib/u8g_dev_null.o
LOAD u8glib/u8g_dev_pcd8544_84x48.o
LOAD u8glib/u8g_dev_pcf8812_96x65.o
LOAD u8glib/u8g_dev_sbn1661_122x32.o
LOAD u8glib/u8g_dev_ssd1306_128x32.o
LOAD u8glib/u8g_dev_ssd1306_128x64.o
LOAD u8glib/u8g_dev_ssd1306_64x48.o
LOAD u8glib/u8g_dev_ssd1309_128x64.o
LOAD u8glib/u8g_dev_ssd1322_nhd31oled_bw.o
LOAD u8glib/u8g_dev_ssd1322_nhd31oled_gr.o
LOAD u8glib/u8g_dev_ssd1325_nhd27oled_bw.o
LOAD u8glib/u8g_dev_ssd1325_nhd27oled_bw_new.o
LOAD u8glib/u8g_dev_ssd1325_nhd27oled_gr.o
LOAD u8glib/u8g_dev_ssd1325_nhd27oled_gr_new.o
LOAD u8glib/u8g_dev_ssd1327_96x96_gr.o
LOAD u8glib/u8g_dev_ssd1351_128x128.o
LOAD u8glib/u8g_dev_ssd1353_160x128.o
LOAD u8glib/u8g_dev_st7565_64128n.o
LOAD u8glib/u8g_dev_st7565_dogm128.o
LOAD u8glib/u8g_dev_st7565_dogm132.o
LOAD u8glib/u8g_dev_st7565_lm6059.o
LOAD u8glib/u8g_dev_st7565_lm6063.o
LOAD u8glib/u8g_dev_st7565_nhd_c12832.o
LOAD u8glib/u8g_dev_st7565_nhd_c12864.o
LOAD u8glib/u8g_dev_st7687_c144mvgd.o
LOAD u8glib/u8g_dev_st7920_128x64.o
LOAD u8glib/u8g_dev_st7920_192x32.o
LOAD u8glib/u8g_dev_st7920_202x32.o
LOAD u8glib/u8g_dev_t6963_128x128.o
LOAD u8glib/u8g_dev_t6963_128x64.o
LOAD u8glib/u8g_dev_t6963_240x128.o
LOAD u8glib/u8g_dev_t6963_240x64.o
LOAD u8glib/u8g_dev_tls8204_84x48.o
LOAD u8glib/u8g_dev_uc1601_c128032.o
LOAD u8glib/u8g_dev_uc1608_240x128.o
LOAD u8glib/u8g_dev_uc1608_240x64.o
LOAD u8glib/u8g_dev_uc1610_dogxl160.o
LOAD u8glib/u8g_dev_uc1611_dogm240.o
LOAD u8glib/u8g_dev_uc1611_dogxl240.o
LOAD u8glib/u8g_dev_uc1701_dogs102.o
LOAD u8glib/u8g_dev_uc1701_mini12864.o
LOAD u8glib/u8g_ellipse.o
LOAD u8glib/u8g_font.o
LOAD u8glib/u8g_font_fub30r.o
LOAD u8glib/u8g_font_fub49n.o
LOAD u8glib/u8g_font_unifont.o
LOAD u8glib/u8g_line.o
LOAD u8glib/u8g_ll_api.o
LOAD u8glib/u8g_page.o
LOAD u8glib/u8g_pb.o
LOAD u8glib/u8g_pb14v1.o
LOAD u8glib/u8g_pb16h1.o
LOAD u8glib/u8g_pb16h2.o
LOAD u8glib/u8g_pb16v1.o
LOAD u8glib/u8g_pb16v2.o
LOAD u8glib/u8g_pb32h1.o
LOAD u8glib/u8g_pb8h1.o
LOAD u8glib/u8g_pb8h1f.o
LOAD u8glib/u8g_pb8h2.o
LOAD u8glib/u8g_pb8h8.o
LOAD u8glib/u8g_pb8v1.o
LOAD u8glib/u8g_pb8v2.o
LOAD u8glib/u8g_pbxh16.o
LOAD u8glib/u8g_pbxh24.o
LOAD u8glib/u8g_polygon.o
LOAD u8glib/u8g_rect.o
LOAD u8glib/u8g_rot.o
LOAD u8glib/u8g_scale.o
LOAD u8glib/u8g_state.o
LOAD u8glib/u8g_u16toa.o
LOAD u8glib/u8g_u8toa.o
LOAD u8glib/u8g_virtual_screen.o
START GROUP
LOAD c:/program files (x86)/atmel/studio/7.0/toolchain/avr8/avr8-gnu-toolchain/bin/../lib/gcc/avr/4.9.2/../../../../avr/lib/avr5\libm.a
END GROUP
START GROUP
LOAD c:/program files (x86)/atmel/studio/7.0/toolchain/avr8/avr8-gnu-toolchain/bin/../lib/gcc/avr/4.9.2/avr5\libgcc.a
LOAD c:/program files (x86)/atmel/studio/7.0/toolchain/avr8/avr8-gnu-toolchain/bin/../lib/gcc/avr/4.9.2/../../../../avr/lib/avr5\libm.a
LOAD c:/program files (x86)/atmel/studio/7.0/toolchain/avr8/avr8-gnu-toolchain/bin/../lib/gcc/avr/4.9.2/../../../../avr/lib/avr5\libc.a
LOAD C:/Program Files (x86)/Atmel/Studio/7.0/Packs/atmel/ATmega_DFP/1.1.130/gcc/dev/atmega32u4/avr5\libatmega32u4.a
END GROUP
                0x00020000                __TEXT_REGION_LENGTH__ = DEFINED (__TEXT_REGION_LENGTH__)?__TEXT_REGION_LENGTH__:0x20000
                0x0000ffa0                __DATA_REGION_LENGTH__ = DEFINED (__DATA_REGION_LENGTH__)?__DATA_REGION_LENGTH__:0xffa0
                0x00010000                __EEPROM_REGION_LENGTH__ = DEFINED (__EEPROM_REGION_LENGTH__)?__EEPROM_REGION_LENGTH__:0x10000
                [0x00000003]                __FUSE_REGION_LENGTH__ = DEFINED (__FUSE_REGION_LENGTH__)?__FUSE_REGION_LENGTH__:0x400
                0x00000400                __LOCK_REGION_LENGTH__ = DEFINED (__LOCK_REGION_LENGTH__)?__LOCK_REGION_LENGTH__:0x400
                0x00000400                __SIGNATURE_REGION_LENGTH__ = DEFINED (__SIGNATURE_REGION_LENGTH__)?__SIGNATURE_REGION_LENGTH__:0x400
                0x00000400                __USER_SIGNATURE_REGION_LENGTH__ = DEFINED (__USER_SIGNATURE_REGION_LENGTH__)?__USER_SIGNATURE_REGION_LENGTH__:0x400

.hash
 *(.hash)

.dynsym
 *(.dynsym)

.dynstr
 *(.dynstr)

.gnu.version
 *(.gnu.version)

.gnu.version_d
 *(.gnu.version_d)

.gnu.version_r
 *(.gnu.version_r)

.rel.init
 *(.rel.init)

.rela.init
 *(.rela.init)

.rel.text
 *(.rel.text)
 *(.rel.text.*)
 *(.rel.gnu.linkonce.t*)

.rela.text
 *(.rela.text)
 *(.rela.text.*)
 *(.rela.gnu.linkonce.t*)

.rel.fini
 *(.rel.fini)

.rela.fini
 *(.rela.fini)

.rel.rodata
 *(.rel.rodata)
 *(.rel.rodata.*)
 *(.rel.gnu.linkonce.r*)

.rela.rodata
 *(.rela.rodata)
 *(.rela.rodata.*)
 *(.rela.gnu.linkonce.r*)

.rel.data
 *(.rel.data)
 *(.rel.data.*)
 *(.rel.gnu.linkonce.d*)

.rela.data
 *(.rela.data)
 *(.rela.data.*)
 *(.rela.gnu.linkonce.d*)

.rel.ctors
 *(.rel.ctors)

.rela.ctors
 *(.rela.ctors)

.rel.dtors
 *(.rel.dtors)

.rela.dtors
 *(.rela.dtors)

.rel.got
 *(.rel.got)

.rela.got
 *(.rela.got)

.rel.bss
 *(.rel.bss)

.rela.bss
 *(.rela.bss)

.rel.plt
 *(.rel.plt)

.rela.plt
 *(.rela.plt)

.text           0x00000000     0x64a2
 *(.vectors)
 .vectors       0x00000000       0xac C:/Program Files (x86)/Atmel/Studio/7.0/Packs/atmel/ATmega_DFP/1.1.130/gcc/dev/atmega32u4/avr5/crtatmega32u4.o
                0x00000000                __vector_default
                0x00000000                __vectors
 *(.vectors)
 *(.progmem.gcc*)
 .progmem.gcc_sw_table.u8g_com_atmega_sw_spi_fn
                0x000000ac        0xe u8glib/u8g_com_atmega_sw_spi.o
 .progmem.gcc_fplib
                0x000000ba       0x28 c:/program files (x86)/atmel/studio/7.0/toolchain/avr8/avr8-gnu-toolchain/bin/../lib/gcc/avr/4.9.2/../../../../avr/lib/avr5\libm.a(exp.o)
 .progmem.gcc_fplib
                0x000000e2       0x5a c:/program files (x86)/atmel/studio/7.0/toolchain/avr8/avr8-gnu-toolchain/bin/../lib/gcc/avr/4.9.2/../../../../avr/lib/avr5\libm.a(log.o)
                0x0000013c                . = ALIGN (0x2)
                0x0000013c                __trampolines_start = .
 *(.trampolines)
 .trampolines   0x0000013c        0x0 linker stubs
 *(.trampolines*)
                0x0000013c                __trampolines_end = .
 *libprintf_flt.a:*(.progmem.data)
 *libc.a:*(.progmem.data)
 *(.progmem*)
 .progmem.data.u8g_avr_port_P
                0x0000013c        0xc u8glib/u8g_com_io.o
                0x0000013c                u8g_avr_port_P
 .progmem.data.u8g_avr_ddr_P
                0x00000148        0xc u8glib/u8g_com_io.o
                0x00000148                u8g_avr_ddr_P
 .progmem.data.u8g_dev_st7565_lm6059_sleep_off
                0x00000154        0xc u8glib/u8g_dev_st7565_lm6059.o
 .progmem.data.u8g_dev_st7565_lm6059_sleep_on
                0x00000160        0xc u8glib/u8g_dev_st7565_lm6059.o
 .progmem.data.u8g_dev_st7565_lm6059_data_start
                0x0000016c        0x8 u8glib/u8g_dev_st7565_lm6059.o
 .progmem.data.u8g_dev_st7565_lm6059_init_seq
                0x00000174       0x26 u8glib/u8g_dev_st7565_lm6059.o
 .progmem.u8g_font_fub30r
                0x0000019a     0x1e06 u8glib/u8g_font_fub30r.o
                0x0000019a                u8g_font_fub30r
 .progmem.u8g_font_fub49n
                0x00001fa0      0xc4c u8glib/u8g_font_fub49n.o
                0x00001fa0                u8g_font_fub49n
 .progmem.u8g_font_unifont
                0x00002bec     0x15af u8glib/u8g_font_unifont.o
                0x00002bec                u8g_font_unifont
                0x0000419c                . = ALIGN (0x2)
 *fill*         0x0000419b        0x1 
 *(.jumptables)
 *(.jumptables*)
 *(.lowtext)
 *(.lowtext*)
                0x0000419c                __ctors_start = .
 *(.ctors)
                0x0000419c                __ctors_end = .
                0x0000419c                __dtors_start = .
 *(.dtors)
                0x0000419c                __dtors_end = .
 SORT(*)(.ctors)
 SORT(*)(.dtors)
 *(.init0)
 .init0         0x0000419c        0x0 C:/Program Files (x86)/Atmel/Studio/7.0/Packs/atmel/ATmega_DFP/1.1.130/gcc/dev/atmega32u4/avr5/crtatmega32u4.o
                0x0000419c                __init
 *(.init0)
 *(.init1)
 *(.init1)
 *(.init2)
 .init2         0x0000419c        0xc C:/Program Files (x86)/Atmel/Studio/7.0/Packs/atmel/ATmega_DFP/1.1.130/gcc/dev/atmega32u4/avr5/crtatmega32u4.o
 *(.init2)
 *(.init3)
 *(.init3)
 *(.init4)
 .init4         0x000041a8       0x16 c:/program files (x86)/atmel/studio/7.0/toolchain/avr8/avr8-gnu-toolchain/bin/../lib/gcc/avr/4.9.2/avr5\libgcc.a(_copy_data.o)
                0x000041a8                __do_copy_data
 .init4         0x000041be       0x10 c:/program files (x86)/atmel/studio/7.0/toolchain/avr8/avr8-gnu-toolchain/bin/../lib/gcc/avr/4.9.2/avr5\libgcc.a(_clear_bss.o)
                0x000041be                __do_clear_bss
 *(.init4)
 *(.init5)
 *(.init5)
 *(.init6)
 *(.init6)
 *(.init7)
 *(.init7)
 *(.init8)
 *(.init8)
 *(.init9)
 .init9         0x000041ce        0x8 C:/Program Files (x86)/Atmel/Studio/7.0/Packs/atmel/ATmega_DFP/1.1.130/gcc/dev/atmega32u4/avr5/crtatmega32u4.o
 *(.init9)
 *(.text)
 .text          0x000041d6        0x4 C:/Program Files (x86)/Atmel/Studio/7.0/Packs/atmel/ATmega_DFP/1.1.130/gcc/dev/atmega32u4/avr5/crtatmega32u4.o
                0x000041d6                __vector_38
                0x000041d6                __vector_22
                0x000041d6                __vector_28
                0x000041d6                __vector_1
                0x000041d6                __vector_32
                0x000041d6                __vector_34
                0x000041d6                __vector_24
                0x000041d6                __vector_12
                0x000041d6                __bad_interrupt
                0x000041d6                __vector_6
                0x000041d6                __vector_31
                0x000041d6                __vector_35
                0x000041d6                __vector_39
                0x000041d6                __vector_3
                0x000041d6                __vector_23
                0x000041d6                __vector_30
                0x000041d6                __vector_25
                0x000041d6                __vector_11
                0x000041d6                __vector_13
                0x000041d6                __vector_19
                0x000041d6                __vector_7
                0x000041d6                __vector_41
                0x000041d6                __vector_27
                0x000041d6                __vector_5
                0x000041d6                __vector_33
                0x000041d6                __vector_37
                0x000041d6                __vector_4
                0x000041d6                __vector_9
                0x000041d6                __vector_2
                0x000041d6                __vector_21
                0x000041d6                __vector_15
                0x000041d6                __vector_36
                0x000041d6                __vector_29
                0x000041d6                __vector_40
                0x000041d6                __vector_8
                0x000041d6                __vector_26
                0x000041d6                __vector_14
                0x000041d6                __vector_10
                0x000041d6                __vector_16
                0x000041d6                __vector_18
                0x000041d6                __vector_20
                0x000041d6                __vector_42
                0x000041da                . = ALIGN (0x2)
 *(.text.*)
 .text.ADC_Init
                0x000041da       0x10 adc.o
                0x000041da                ADC_Init
 .text.ADC_Sample
                0x000041ea       0x2a adc.o
                0x000041ea                ADC_Sample
 .text.acquireSensorVoltage
                0x00004214       0x92 main.o
                0x00004214                acquireSensorVoltage
 .text.acquireBatteryVoltage
                0x000042a6       0x50 main.o
                0x000042a6                acquireBatteryVoltage
 .text.calcPressure
                0x000042f6      0x102 main.o
                0x000042f6                calcPressure
 .text.roundPressure
                0x000043f8      0x268 main.o
                0x000043f8                roundPressure
 .text.enableDisplay
                0x00004660        0x8 main.o
                0x00004660                enableDisplay
 .text.initBoard
                0x00004668       0x8a main.o
                0x00004668                initBoard
 .text.disableDisplay
                0x000046f2        0x8 main.o
                0x000046f2                disableDisplay
 .text.drawBatteryLow
                0x000046fa       0x20 main.o
                0x000046fa                drawBatteryLow
 .text.draw     0x0000471a       0x6a main.o
                0x0000471a                draw
 .text.readSensors
                0x00004784      0x12e main.o
                0x00004784                readSensors
 .text.startup.main
                0x000048b2       0x3e main.o
                0x000048b2                main
 .text.Timer_Init
                0x000048f0       0x1e timer.o
                0x000048f0                Timer_Init
 .text.Timer_Enable
                0x0000490e       0x1e timer.o
                0x0000490e                Timer_Enable
 .text.__vector_17
                0x0000492c       0x44 timer.o
                0x0000492c                __vector_17
 .text.u8g_IsBBXIntersection
                0x00004970       0x44 u8glib/u8g_clip.o
                0x00004970                u8g_IsBBXIntersection
 .text.u8g_InitCom
                0x000049b4       0x12 u8glib/u8g_com_api.o
                0x000049b4                u8g_InitCom
 .text.u8g_SetChipSelect
                0x000049c6       0x12 u8glib/u8g_com_api.o
                0x000049c6                u8g_SetChipSelect
 .text.u8g_SetResetLow
                0x000049d8       0x14 u8glib/u8g_com_api.o
                0x000049d8                u8g_SetResetLow
 .text.u8g_SetResetHigh
                0x000049ec       0x14 u8glib/u8g_com_api.o
                0x000049ec                u8g_SetResetHigh
 .text.u8g_SetAddress
                0x00004a00       0x12 u8glib/u8g_com_api.o
                0x00004a00                u8g_SetAddress
 .text.u8g_WriteByte
                0x00004a12       0x12 u8glib/u8g_com_api.o
                0x00004a12                u8g_WriteByte
 .text.u8g_WriteSequence
                0x00004a24        0xe u8glib/u8g_com_api.o
                0x00004a24                u8g_WriteSequence
 .text.u8g_WriteEscSeqP
                0x00004a32       0xc0 u8glib/u8g_com_api.o
                0x00004a32                u8g_WriteEscSeqP
 .text.u8g_atmega_sw_spi_shift_out
                0x00004af2       0x46 u8glib/u8g_com_atmega_sw_spi.o
 .text.u8g_com_atmega_sw_spi_fn
                0x00004b38       0xea u8glib/u8g_com_atmega_sw_spi.o
                0x00004b38                u8g_com_atmega_sw_spi_fn
 .text.u8g_get_avr_io_ptr
                0x00004c22       0x2e u8glib/u8g_com_io.o
 .text.u8g_Pin  0x00004c50        0xc u8glib/u8g_com_io.o
                0x00004c50                u8g_Pin
 .text.u8g_SetPinOutput
                0x00004c5c       0x2e u8glib/u8g_com_io.o
                0x00004c5c                u8g_SetPinOutput
 .text.u8g_SetPinLevel
                0x00004c8a       0x54 u8glib/u8g_com_io.o
                0x00004c8a                u8g_SetPinLevel
 .text.u8g_SetPIOutput
                0x00004cde       0x12 u8glib/u8g_com_io.o
                0x00004cde                u8g_SetPIOutput
 .text.u8g_SetPILevel
                0x00004cf0       0x14 u8glib/u8g_com_io.o
                0x00004cf0                u8g_SetPILevel
 .text.u8g_Delay
                0x00004d04       0x14 u8glib/u8g_delay.o
                0x00004d04                u8g_Delay
 .text.u8g_MicroDelay
                0x00004d18        0xa u8glib/u8g_delay.o
                0x00004d18                u8g_MicroDelay
 .text.u8g_dev_st7565_lm6059_fn
                0x00004d22      0x116 u8glib/u8g_dev_st7565_lm6059.o
                0x00004d22                u8g_dev_st7565_lm6059_fn
 .text.u8g_font_get_word
                0x00004e38       0x18 u8glib/u8g_font.o
 .text.u8g_font_GetFormat
                0x00004e50        0x6 u8glib/u8g_font.o
 .text.u8g_font_GetFontGlyphStructureSize
                0x00004e56       0x14 u8glib/u8g_font.o
 .text.u8g_font_calc_vref_font
                0x00004e6a        0x4 u8glib/u8g_font.o
                0x00004e6a                u8g_font_calc_vref_font
 .text.u8g_font_GetEncoding65Pos
                0x00004e6e        0x6 u8glib/u8g_font.o
                0x00004e6e                u8g_font_GetEncoding65Pos
 .text.u8g_font_GetEncoding97Pos
                0x00004e74        0x6 u8glib/u8g_font.o
                0x00004e74                u8g_font_GetEncoding97Pos
 .text.u8g_font_GetFontStartEncoding
                0x00004e7a        0x8 u8glib/u8g_font.o
                0x00004e7a                u8g_font_GetFontStartEncoding
 .text.u8g_font_GetFontEndEncoding
                0x00004e82        0x8 u8glib/u8g_font.o
                0x00004e82                u8g_font_GetFontEndEncoding
 .text.u8g_GetGlyph
                0x00004e8a      0x1ac u8glib/u8g_font.o
                0x00004e8a                u8g_GetGlyph
 .text.u8g_draw_glyph
                0x00005036       0xd6 u8glib/u8g_font.o
                0x00005036                u8g_draw_glyph
 .text.u8g_DrawStr
                0x0000510c       0x6e u8glib/u8g_font.o
                0x0000510c                u8g_DrawStr
 .text.u8g_UpdateRefHeight
                0x0000517a       0x92 u8glib/u8g_font.o
                0x0000517a                u8g_UpdateRefHeight
 .text.u8g_SetFontPosBaseline
                0x0000520c        0xc u8glib/u8g_font.o
                0x0000520c                u8g_SetFontPosBaseline
 .text.u8g_SetFont
                0x00005218       0x28 u8glib/u8g_font.o
                0x00005218                u8g_SetFont
 .text.u8g_init_data
                0x00005240       0x56 u8glib/u8g_ll_api.o
 .text.u8g_call_dev_fn
                0x00005296        0x8 u8glib/u8g_ll_api.o
                0x00005296                u8g_call_dev_fn
 .text.u8g_InitLL
                0x0000529e       0x64 u8glib/u8g_ll_api.o
                0x0000529e                u8g_InitLL
 .text.u8g_FirstPageLL
                0x00005302       0x4a u8glib/u8g_ll_api.o
                0x00005302                u8g_FirstPageLL
 .text.u8g_NextPageLL
                0x0000534c       0x58 u8glib/u8g_ll_api.o
                0x0000534c                u8g_NextPageLL
 .text.u8g_SetContrastLL
                0x000053a4       0x20 u8glib/u8g_ll_api.o
                0x000053a4                u8g_SetContrastLL
 .text.u8g_GetWidthLL
                0x000053c4       0x20 u8glib/u8g_ll_api.o
                0x000053c4                u8g_GetWidthLL
 .text.u8g_GetHeightLL
                0x000053e4       0x20 u8glib/u8g_ll_api.o
                0x000053e4                u8g_GetHeightLL
 .text.u8g_GetModeLL
                0x00005404        0xa u8glib/u8g_ll_api.o
                0x00005404                u8g_GetModeLL
 .text.u8g_UpdateDimension
                0x0000540e       0x3e u8glib/u8g_ll_api.o
                0x0000540e                u8g_UpdateDimension
 .text.u8g_Begin
                0x0000544c       0x20 u8glib/u8g_ll_api.o
                0x0000544c                u8g_Begin
 .text.u8g_InitSPI
                0x0000546c       0x54 u8glib/u8g_ll_api.o
                0x0000546c                u8g_InitSPI
 .text.u8g_FirstPage
                0x000054c0        0xa u8glib/u8g_ll_api.o
                0x000054c0                u8g_FirstPage
 .text.u8g_NextPage
                0x000054ca       0x1e u8glib/u8g_ll_api.o
                0x000054ca                u8g_NextPage
 .text.u8g_SetContrast
                0x000054e8        0xc u8glib/u8g_ll_api.o
                0x000054e8                u8g_SetContrast
 .text.u8g_Draw8Pixel
                0x000054f4       0x22 u8glib/u8g_ll_api.o
                0x000054f4                u8g_Draw8Pixel
 .text.u8g_SetColorIndex
                0x00005516        0x6 u8glib/u8g_ll_api.o
                0x00005516                u8g_SetColorIndex
 .text.u8g_page_First
                0x0000551c        0xe u8glib/u8g_page.o
                0x0000551c                u8g_page_First
 .text.u8g_page_Next
                0x0000552a       0x2c u8glib/u8g_page.o
                0x0000552a                u8g_page_Next
 .text.u8g_pb_Clear
                0x00005556       0x20 u8glib/u8g_pb.o
                0x00005556                u8g_pb_Clear
 .text.u8g_pb_IsYIntersection
                0x00005576       0x2c u8glib/u8g_pb.o
                0x00005576                u8g_pb_IsYIntersection
 .text.u8g_pb_GetPageBox
                0x000055a2       0x20 u8glib/u8g_pb.o
                0x000055a2                u8g_pb_GetPageBox
 .text.u8g_pb_Is8PixelVisible
                0x000055c2       0x20 u8glib/u8g_pb.o
                0x000055c2                u8g_pb_Is8PixelVisible
 .text.u8g_pb_WriteBuffer
                0x000055e2       0x10 u8glib/u8g_pb.o
                0x000055e2                u8g_pb_WriteBuffer
 .text.u8g_pb8v1_set_pixel
                0x000055f2       0x34 u8glib/u8g_pb8v1.o
                0x000055f2                u8g_pb8v1_set_pixel
 .text.u8g_pb8v1_SetPixel
                0x00005626       0x2c u8glib/u8g_pb8v1.o
                0x00005626                u8g_pb8v1_SetPixel
 .text.u8g_pb8v1_Set8PixelOpt2
                0x00005652       0x68 u8glib/u8g_pb8v1.o
                0x00005652                u8g_pb8v1_Set8PixelOpt2
 .text.u8g_dev_pb8v1_base_fn
                0x000056ba       0x8e u8glib/u8g_pb8v1.o
                0x000056ba                u8g_dev_pb8v1_base_fn
 .text.u8g_state_dummy_cb
                0x00005748        0x2 u8glib/u8g_state.o
                0x00005748                u8g_state_dummy_cb
 .text.avr-libc.fplib
                0x0000574a        0xe c:/program files (x86)/atmel/studio/7.0/toolchain/avr8/avr8-gnu-toolchain/bin/../lib/gcc/avr/4.9.2/../../../../avr/lib/avr5\libm.a(addsf3.o)
                0x0000574a                __subsf3
                0x0000574c                __addsf3
 .text.avr-libc.fplib
                0x00005758       0xcc c:/program files (x86)/atmel/studio/7.0/toolchain/avr8/avr8-gnu-toolchain/bin/../lib/gcc/avr/4.9.2/../../../../avr/lib/avr5\libm.a(addsf3x.o)
                0x0000577a                __addsf3x
 .text.avr-libc.fplib
                0x00005824        0xa c:/program files (x86)/atmel/studio/7.0/toolchain/avr8/avr8-gnu-toolchain/bin/../lib/gcc/avr/4.9.2/../../../../avr/lib/avr5\libm.a(cmpsf2.o)
                0x00005824                __nesf2
                0x00005824                __eqsf2
                0x00005824                __cmpsf2
                0x00005824                __ltsf2
                0x00005824                __lesf2
 .text.avr-libc.fplib
                0x0000582e        0x8 c:/program files (x86)/atmel/studio/7.0/toolchain/avr8/avr8-gnu-toolchain/bin/../lib/gcc/avr/4.9.2/../../../../avr/lib/avr5\libm.a(divsf3.o)
                0x0000582e                __divsf3
 .text.avr-libc.fplib
                0x00005836       0xdc c:/program files (x86)/atmel/studio/7.0/toolchain/avr8/avr8-gnu-toolchain/bin/../lib/gcc/avr/4.9.2/../../../../avr/lib/avr5\libm.a(divsf3x.o)
                0x00005856                __divsf3x
                0x0000585c                __divsf3_pse
 .text.avr-libc.fplib
                0x00005912       0x5e c:/program files (x86)/atmel/studio/7.0/toolchain/avr8/avr8-gnu-toolchain/bin/../lib/gcc/avr/4.9.2/../../../../avr/lib/avr5\libm.a(fixunssfsi.o)
                0x00005912                __fixunssfsi
 .text.avr-libc.fplib
                0x00005970       0x7a c:/program files (x86)/atmel/studio/7.0/toolchain/avr8/avr8-gnu-toolchain/bin/../lib/gcc/avr/4.9.2/../../../../avr/lib/avr5\libm.a(floatsisf.o)
                0x00005970                __floatunsisf
                0x00005974                __floatsisf
 .text.avr-libc.fplib
                0x000059ea       0x48 c:/program files (x86)/atmel/studio/7.0/toolchain/avr8/avr8-gnu-toolchain/bin/../lib/gcc/avr/4.9.2/../../../../avr/lib/avr5\libm.a(fp_cmp.o)
                0x000059ea                __fp_cmp
 .text.avr-libc.fplib
                0x00005a32        0xc c:/program files (x86)/atmel/studio/7.0/toolchain/avr8/avr8-gnu-toolchain/bin/../lib/gcc/avr/4.9.2/../../../../avr/lib/avr5\libm.a(fp_inf.o)
                0x00005a32                __fp_inf
 .text.avr-libc.fplib
                0x00005a3e        0x6 c:/program files (x86)/atmel/studio/7.0/toolchain/avr8/avr8-gnu-toolchain/bin/../lib/gcc/avr/4.9.2/../../../../avr/lib/avr5\libm.a(fp_nan.o)
                0x00005a3e                __fp_nan
 .text.avr-libc.fplib
                0x00005a44        0xe c:/program files (x86)/atmel/studio/7.0/toolchain/avr8/avr8-gnu-toolchain/bin/../lib/gcc/avr/4.9.2/../../../../avr/lib/avr5\libm.a(fp_pscA.o)
                0x00005a44                __fp_pscA
 .text.avr-libc.fplib
                0x00005a52        0xe c:/program files (x86)/atmel/studio/7.0/toolchain/avr8/avr8-gnu-toolchain/bin/../lib/gcc/avr/4.9.2/../../../../avr/lib/avr5\libm.a(fp_pscB.o)
                0x00005a52                __fp_pscB
 .text.avr-libc.fplib
                0x00005a60       0x22 c:/program files (x86)/atmel/studio/7.0/toolchain/avr8/avr8-gnu-toolchain/bin/../lib/gcc/avr/4.9.2/../../../../avr/lib/avr5\libm.a(fp_round.o)
                0x00005a60                __fp_round
 .text.avr-libc.fplib
                0x00005a82       0x44 c:/program files (x86)/atmel/studio/7.0/toolchain/avr8/avr8-gnu-toolchain/bin/../lib/gcc/avr/4.9.2/../../../../avr/lib/avr5\libm.a(fp_split3.o)
                0x00005a82                __fp_split3
                0x00005a92                __fp_splitA
 .text.avr-libc.fplib
                0x00005ac6        0xe c:/program files (x86)/atmel/studio/7.0/toolchain/avr8/avr8-gnu-toolchain/bin/../lib/gcc/avr/4.9.2/../../../../avr/lib/avr5\libm.a(fp_zero.o)
                0x00005ac6                __fp_zero
                0x00005ac8                __fp_szero
 .text.avr-libc.fplib
                0x00005ad4        0xa c:/program files (x86)/atmel/studio/7.0/toolchain/avr8/avr8-gnu-toolchain/bin/../lib/gcc/avr/4.9.2/../../../../avr/lib/avr5\libm.a(gesf2.o)
                0x00005ad4                __gesf2
                0x00005ad4                __gtsf2
 .text.avr-libc.fplib
                0x00005ade        0x8 c:/program files (x86)/atmel/studio/7.0/toolchain/avr8/avr8-gnu-toolchain/bin/../lib/gcc/avr/4.9.2/../../../../avr/lib/avr5\libm.a(mulsf3.o)
                0x00005ade                __mulsf3
 .text.avr-libc.fplib
                0x00005ae6       0xd2 c:/program files (x86)/atmel/studio/7.0/toolchain/avr8/avr8-gnu-toolchain/bin/../lib/gcc/avr/4.9.2/../../../../avr/lib/avr5\libm.a(mulsf3x.o)
                0x00005b04                __mulsf3x
                0x00005b0a                __mulsf3_pse
 .text.avr-libc.fplib
                0x00005bb8       0xa0 c:/program files (x86)/atmel/studio/7.0/toolchain/avr8/avr8-gnu-toolchain/bin/../lib/gcc/avr/4.9.2/../../../../avr/lib/avr5\libm.a(pow.o)
                0x00005bb8                pow
 .text.avr-libc.fplib
                0x00005c58       0x74 c:/program files (x86)/atmel/studio/7.0/toolchain/avr8/avr8-gnu-toolchain/bin/../lib/gcc/avr/4.9.2/../../../../avr/lib/avr5\libm.a(exp.o)
                0x00005c68                exp
 .text.avr-libc.fplib
                0x00005ccc       0x4e c:/program files (x86)/atmel/studio/7.0/toolchain/avr8/avr8-gnu-toolchain/bin/../lib/gcc/avr/4.9.2/../../../../avr/lib/avr5\libm.a(fp_powser.o)
                0x00005ccc                __fp_powser
 .text.avr-libc.fplib
                0x00005d1a       0x10 c:/program files (x86)/atmel/studio/7.0/toolchain/avr8/avr8-gnu-toolchain/bin/../lib/gcc/avr/4.9.2/../../../../avr/lib/avr5\libm.a(inverse.o)
                0x00005d1a                inverse
 .text.avr-libc.fplib
                0x00005d2a       0x74 c:/program files (x86)/atmel/studio/7.0/toolchain/avr8/avr8-gnu-toolchain/bin/../lib/gcc/avr/4.9.2/../../../../avr/lib/avr5\libm.a(ldexp.o)
                0x00005d32                ldexp
 .text.avr-libc.fplib
                0x00005d9e       0xa0 c:/program files (x86)/atmel/studio/7.0/toolchain/avr8/avr8-gnu-toolchain/bin/../lib/gcc/avr/4.9.2/../../../../avr/lib/avr5\libm.a(log.o)
                0x00005dae                log
 .text.avr-libc.fplib
                0x00005e3e       0x68 c:/program files (x86)/atmel/studio/7.0/toolchain/avr8/avr8-gnu-toolchain/bin/../lib/gcc/avr/4.9.2/../../../../avr/lib/avr5\libm.a(modf.o)
                0x00005e3e                modf
                0x00005e3e                modff
 .text.avr-libc.fplib
                0x00005ea6       0x1c c:/program files (x86)/atmel/studio/7.0/toolchain/avr8/avr8-gnu-toolchain/bin/../lib/gcc/avr/4.9.2/../../../../avr/lib/avr5\libm.a(fp_mpack.o)
                0x00005ea6                __fp_mpack
                0x00005eaa                __fp_mpack_finite
 .text.libgcc   0x00005ec2        0xc c:/program files (x86)/atmel/studio/7.0/toolchain/avr8/avr8-gnu-toolchain/bin/../lib/gcc/avr/4.9.2/avr5\libgcc.a(_tablejump2.o)
                0x00005ec2                __tablejump2__
 .text.avr-libc
                0x00005ece       0x12 c:/program files (x86)/atmel/studio/7.0/toolchain/avr8/avr8-gnu-toolchain/bin/../lib/gcc/avr/4.9.2/../../../../avr/lib/avr5\libc.a(memcpy_P.o)
                0x00005ece                memcpy_P
 .text.avr-libc
                0x00005ee0        0xe c:/program files (x86)/atmel/studio/7.0/toolchain/avr8/avr8-gnu-toolchain/bin/../lib/gcc/avr/4.9.2/../../../../avr/lib/avr5\libc.a(strcpy.o)
                0x00005ee0                strcpy
 .text.avr-libc
                0x00005eee       0x46 c:/program files (x86)/atmel/studio/7.0/toolchain/avr8/avr8-gnu-toolchain/bin/../lib/gcc/avr/4.9.2/../../../../avr/lib/avr5\libc.a(sprintf.o)
                0x00005eee                sprintf
 .text.avr-libc
                0x00005f34      0x3a4 c:/program files (x86)/atmel/studio/7.0/toolchain/avr8/avr8-gnu-toolchain/bin/../lib/gcc/avr/4.9.2/../../../../avr/lib/avr5\libc.a(vfprintf_std.o)
                0x00005f34                vfprintf
 .text.avr-libc
                0x000062d8       0x16 c:/program files (x86)/atmel/studio/7.0/toolchain/avr8/avr8-gnu-toolchain/bin/../lib/gcc/avr/4.9.2/../../../../avr/lib/avr5\libc.a(strnlen_P.o)
                0x000062d8                strnlen_P
 .text.avr-libc
                0x000062ee       0x16 c:/program files (x86)/atmel/studio/7.0/toolchain/avr8/avr8-gnu-toolchain/bin/../lib/gcc/avr/4.9.2/../../../../avr/lib/avr5\libc.a(strnlen.o)
                0x000062ee                strnlen
 .text.avr-libc
                0x00006304       0x70 c:/program files (x86)/atmel/studio/7.0/toolchain/avr8/avr8-gnu-toolchain/bin/../lib/gcc/avr/4.9.2/../../../../avr/lib/avr5\libc.a(fputc.o)
                0x00006304                fputc
 .text.avr-libc
                0x00006374       0xbc c:/program files (x86)/atmel/studio/7.0/toolchain/avr8/avr8-gnu-toolchain/bin/../lib/gcc/avr/4.9.2/../../../../avr/lib/avr5\libc.a(ultoa_invert.o)
                0x00006374                __ultoa_invert
 .text.libgcc.prologue
                0x00006430       0x38 c:/program files (x86)/atmel/studio/7.0/toolchain/avr8/avr8-gnu-toolchain/bin/../lib/gcc/avr/4.9.2/avr5\libgcc.a(_prologue.o)
                0x00006430                __prologue_saves__
 .text.libgcc.prologue
                0x00006468       0x36 c:/program files (x86)/atmel/studio/7.0/toolchain/avr8/avr8-gnu-toolchain/bin/../lib/gcc/avr/4.9.2/avr5\libgcc.a(_epilogue.o)
                0x00006468                __epilogue_restores__
                0x0000649e                . = ALIGN (0x2)
 *(.fini9)
 .fini9         0x0000649e        0x0 c:/program files (x86)/atmel/studio/7.0/toolchain/avr8/avr8-gnu-toolchain/bin/../lib/gcc/avr/4.9.2/avr5\libgcc.a(_exit.o)
                0x0000649e                _exit
                0x0000649e                exit
 *(.fini9)
 *(.fini8)
 *(.fini8)
 *(.fini7)
 *(.fini7)
 *(.fini6)
 *(.fini6)
 *(.fini5)
 *(.fini5)
 *(.fini4)
 *(.fini4)
 *(.fini3)
 *(.fini3)
 *(.fini2)
 *(.fini2)
 *(.fini1)
 *(.fini1)
 *(.fini0)
 .fini0         0x0000649e        0x4 c:/program files (x86)/atmel/studio/7.0/toolchain/avr8/avr8-gnu-toolchain/bin/../lib/gcc/avr/4.9.2/avr5\libgcc.a(_exit.o)
 *(.fini0)
                0x000064a2                _etext = .

.data           0x00800100       0x28 load address 0x000064a2
                0x00800100                PROVIDE (__data_start, .)
 *(.data)
 *(.data*)
 .data.reset    0x00800100        0x2 main.o
                0x00800100                reset
 .data.batteryADC
                0x00800102        0x2 main.o
                0x00800102                batteryADC
 .data.u8g_dev_st7565_lm6059_sw_spi
                0x00800104        0x6 u8glib/u8g_dev_st7565_lm6059.o
                0x00800104                u8g_dev_st7565_lm6059_sw_spi
 .data.u8g_dev_st7565_lm6059_sw_spi_pb
                0x0080010a        0x8 u8glib/u8g_dev_st7565_lm6059.o
                0x0080010a                u8g_dev_st7565_lm6059_sw_spi_pb
 *(.rodata)
 *(.rodata*)
 .rodata.str1.1
                0x00800112       0x16 main.o
 *(.gnu.linkonce.d*)
                0x00800128                . = ALIGN (0x2)
                0x00800128                _edata = .
                0x00800128                PROVIDE (__data_end, .)

.bss            0x00800128      0x10f
                0x00800128                PROVIDE (__bss_start, .)
 *(.bss)
 *(.bss*)
 .bss.initPressure
                0x00800128        0x2 main.o
                0x00800128                initPressure
 .bss.batterylevel
                0x0080012a        0x2 main.o
                0x0080012a                batterylevel
 .bss.batteryVoltage
                0x0080012c        0x4 main.o
                0x0080012c                batteryVoltage
 .bss.resistance
                0x00800130        0x4 main.o
                0x00800130                resistance
 .bss.batteryValue
                0x00800134        0x2 main.o
                0x00800134                batteryValue
 .bss.sensorPressure
                0x00800136        0x2 main.o
                0x00800136                sensorPressure
 .bss.sensorVoltage
                0x00800138        0x4 main.o
                0x00800138                sensorVoltage
 .bss.sensorValue
                0x0080013c        0x2 main.o
                0x0080013c                sensorValue
 .bss.sensorADC
                0x0080013e        0x2 main.o
                0x0080013e                sensorADC
 .bss.u8g_dev_st7565_lm6059_sw_spi_buf
                0x00800140       0x80 u8glib/u8g_dev_st7565_lm6059.o
                0x00800140                u8g_dev_st7565_lm6059_sw_spi_buf
 *(COMMON)
 COMMON         0x008001c0       0x77 main.o
                0x008001c0                displayADC
                0x008001ca                displayPressure
                0x008001d4                u8g
                0x0080020b                timerinterupt
                0x0080020d                displayResistance
                0x00800217                timervalue
                0x00800219                displayVoltage
                0x00800223                displayScalePressure
                0x0080022d                displayBattery
                0x00800237                PROVIDE (__bss_end, .)
                0x000064a2                __data_load_start = LOADADDR (.data)
                0x000064ca                __data_load_end = (__data_load_start + SIZEOF (.data))

.noinit         0x00800237        0x0
                [!provide]                PROVIDE (__noinit_start, .)
 *(.noinit*)
                [!provide]                PROVIDE (__noinit_end, .)
                0x00800237                _end = .
                [!provide]                PROVIDE (__heap_start, .)

.eeprom         0x00810000        0x0
 *(.eeprom*)
                0x00810000                __eeprom_end = .

.fuse
 *(.fuse)
 *(.lfuse)
 *(.hfuse)
 *(.efuse)

.lock
 *(.lock*)

.signature
 *(.signature*)

.user_signatures
 *(.user_signatures*)

.stab
 *(.stab)

.stabstr
 *(.stabstr)

.stab.excl
 *(.stab.excl)

.stab.exclstr
 *(.stab.exclstr)

.stab.index
 *(.stab.index)

.stab.indexstr
 *(.stab.indexstr)

.comment        0x00000000       0x5c
 *(.comment)
 .comment       0x00000000       0x30 adc.o
                                 0x31 (size before relaxing)
 .comment       0x00000030       0x31 main.o
 .comment       0x00000030       0x31 timer.o
 .comment       0x00000030       0x31 u8glib/u8g_clip.o
 .comment       0x00000030       0x31 u8glib/u8g_com_api.o
 .comment       0x00000030       0x31 u8glib/u8g_com_atmega_sw_spi.o
 .comment       0x00000030       0x31 u8glib/u8g_com_io.o
 .comment       0x00000030       0x31 u8glib/u8g_delay.o
 .comment       0x00000030       0x31 u8glib/u8g_dev_st7565_lm6059.o
 .comment       0x00000030       0x31 u8glib/u8g_font.o
 .comment       0x00000030       0x31 u8glib/u8g_font_fub30r.o
 .comment       0x00000030       0x31 u8glib/u8g_font_fub49n.o
 .comment       0x00000030       0x31 u8glib/u8g_font_unifont.o
 .comment       0x00000030       0x31 u8glib/u8g_ll_api.o
 .comment       0x00000030       0x31 u8glib/u8g_page.o
 .comment       0x00000030       0x31 u8glib/u8g_pb.o
 .comment       0x00000030       0x31 u8glib/u8g_pb8v1.o
 .comment       0x00000030       0x31 u8glib/u8g_state.o
 .comment       0x00000030       0x31 c:/program files (x86)/atmel/studio/7.0/toolchain/avr8/avr8-gnu-toolchain/bin/../lib/gcc/avr/4.9.2/../../../../avr/lib/avr5\libc.a(sprintf.o)
 .comment       0x00000030       0x2c c:/program files (x86)/atmel/studio/7.0/toolchain/avr8/avr8-gnu-toolchain/bin/../lib/gcc/avr/4.9.2/../../../../avr/lib/avr5\libc.a(vfprintf_std.o)
                                 0x2d (size before relaxing)
 .comment       0x0000005c       0x31 c:/program files (x86)/atmel/studio/7.0/toolchain/avr8/avr8-gnu-toolchain/bin/../lib/gcc/avr/4.9.2/../../../../avr/lib/avr5\libc.a(fputc.o)

.note.gnu.avr.deviceinfo
                0x00000000       0x40
 .note.gnu.avr.deviceinfo
                0x00000000       0x40 C:/Program Files (x86)/Atmel/Studio/7.0/Packs/atmel/ATmega_DFP/1.1.130/gcc/dev/atmega32u4/avr5/crtatmega32u4.o

.note.gnu.build-id
 *(.note.gnu.build-id)

.debug
 *(.debug)

.line
 *(.line)

.debug_srcinfo
 *(.debug_srcinfo)

.debug_sfnames
 *(.debug_sfnames)

.debug_aranges
 *(.debug_aranges)

.debug_pubnames
 *(.debug_pubnames)

.debug_info     0x00000000      0x9f4
 *(.debug_info .gnu.linkonce.wi.*)
 .debug_info    0x00000000      0x9f4 C:/Program Files (x86)/Atmel/Studio/7.0/Packs/atmel/ATmega_DFP/1.1.130/gcc/dev/atmega32u4/avr5/crtatmega32u4.o

.debug_abbrev   0x00000000      0x96a
 *(.debug_abbrev)
 .debug_abbrev  0x00000000      0x96a C:/Program Files (x86)/Atmel/Studio/7.0/Packs/atmel/ATmega_DFP/1.1.130/gcc/dev/atmega32u4/avr5/crtatmega32u4.o

.debug_line     0x00000000      0x199
 *(.debug_line .debug_line.* .debug_line_end)
 .debug_line    0x00000000      0x199 C:/Program Files (x86)/Atmel/Studio/7.0/Packs/atmel/ATmega_DFP/1.1.130/gcc/dev/atmega32u4/avr5/crtatmega32u4.o

.debug_frame
 *(.debug_frame)

.debug_str      0x00000000      0x371
 *(.debug_str)
 .debug_str     0x00000000      0x371 C:/Program Files (x86)/Atmel/Studio/7.0/Packs/atmel/ATmega_DFP/1.1.130/gcc/dev/atmega32u4/avr5/crtatmega32u4.o

.debug_loc
 *(.debug_loc)

.debug_macinfo
 *(.debug_macinfo)

.debug_weaknames
 *(.debug_weaknames)

.debug_funcnames
 *(.debug_funcnames)

.debug_typenames
 *(.debug_typenames)

.debug_varnames
 *(.debug_varnames)

.debug_pubtypes
 *(.debug_pubtypes)

.debug_ranges
 *(.debug_ranges)

.debug_macro
 *(.debug_macro)
OUTPUT(SmartSleeve_2017_01.elf elf32-avr)
LOAD linker stubs
